<div>
  <p data-testid="custom-render">I am a custom render function</p><button type="button" class="storybook-button storybook-button--secondary storybook-button--medium">foo</button>
</div>