<div style="margin: 3em;"><button type="button" class="storybook-button storybook-button--secondary storybook-button--medium">foo</button></div>