<div>
  <p>locale: en</p><button type="button" class="storybook-button storybook-button--secondary storybook-button--medium">Hello!</button>
</div>