<button type="button" class="storybook-button storybook-button--secondary storybook-button--medium">label coming from story args!</button>