<button type="button" class="storybook-button storybook-button--primary storybook-button--large">foo</button>